[     173ms] [INFO] %cDownload the React DevTools for a better development experience: https://react.dev/link/react-devtools font-weight:bold @ http://localhost:3003/_next/static/chunks/0ag3_next_dist_0_q--91._.js:2477
[     202ms] [LOG] [HMR] connected @ http://localhost:3003/_next/static/chunks/0ag3_next_dist_0_q--91._.js:2477
[    1781ms] Uncaught Error: Minified React error #418; visit https://reactjs.org/docs/error-decoder.html?invariant=418 for the full message or use the non-minified dev environment for full errors and additional helpful warnings.
    at lv (https://cbpassets.setmore.com/_next/static/chunks/framework-382832e125d407a4.js:0:54491)
    at <anonymous> (https://cbpassets.setmore.com/_next/static/chunks/framework-382832e125d407a4.js:0:107588)
    at oD (https://cbpassets.setmore.com/_next/static/chunks/framework-382832e125d407a4.js:0:113806)
    at oO (https://cbpassets.setmore.com/_next/static/chunks/framework-382832e125d407a4.js:0:106756)
    at oM (https://cbpassets.setmore.com/_next/static/chunks/framework-382832e125d407a4.js:0:106566)
    at oS (https://cbpassets.setmore.com/_next/static/chunks/framework-382832e125d407a4.js:0:101639)
    at x (https://cbpassets.setmore.com/_next/static/chunks/framework-382832e125d407a4.js:0:137827)
    at T (https://cbpassets.setmore.com/_next/static/chunks/framework-382832e125d407a4.js:0:138357)
[    1782ms] Uncaught Error: Minified React error #418; visit https://reactjs.org/docs/error-decoder.html?invariant=418 for the full message or use the non-minified dev environment for full errors and additional helpful warnings.
    at lh (https://cbpassets.setmore.com/_next/static/chunks/framework-382832e125d407a4.js:0:54037)
    at i (https://cbpassets.setmore.com/_next/static/chunks/framework-382832e125d407a4.js:0:128712)
    at oO (https://cbpassets.setmore.com/_next/static/chunks/framework-382832e125d407a4.js:0:106696)
    at oM (https://cbpassets.setmore.com/_next/static/chunks/framework-382832e125d407a4.js:0:106566)
    at oS (https://cbpassets.setmore.com/_next/static/chunks/framework-382832e125d407a4.js:0:101639)
    at x (https://cbpassets.setmore.com/_next/static/chunks/framework-382832e125d407a4.js:0:137827)
    at T (https://cbpassets.setmore.com/_next/static/chunks/framework-382832e125d407a4.js:0:138357)
[    1782ms] Uncaught Error: Minified React error #418; visit https://reactjs.org/docs/error-decoder.html?invariant=418 for the full message or use the non-minified dev environment for full errors and additional helpful warnings.
    at lh (https://cbpassets.setmore.com/_next/static/chunks/framework-382832e125d407a4.js:0:54037)
    at i (https://cbpassets.setmore.com/_next/static/chunks/framework-382832e125d407a4.js:0:128712)
    at oO (https://cbpassets.setmore.com/_next/static/chunks/framework-382832e125d407a4.js:0:106696)
    at oM (https://cbpassets.setmore.com/_next/static/chunks/framework-382832e125d407a4.js:0:106566)
    at oS (https://cbpassets.setmore.com/_next/static/chunks/framework-382832e125d407a4.js:0:101639)
    at x (https://cbpassets.setmore.com/_next/static/chunks/framework-382832e125d407a4.js:0:137827)
    at T (https://cbpassets.setmore.com/_next/static/chunks/framework-382832e125d407a4.js:0:138357)
[    1782ms] Uncaught Error: Minified React error #418; visit https://reactjs.org/docs/error-decoder.html?invariant=418 for the full message or use the non-minified dev environment for full errors and additional helpful warnings.
    at lh (https://cbpassets.setmore.com/_next/static/chunks/framework-382832e125d407a4.js:0:54037)
    at i (https://cbpassets.setmore.com/_next/static/chunks/framework-382832e125d407a4.js:0:128712)
    at oO (https://cbpassets.setmore.com/_next/static/chunks/framework-382832e125d407a4.js:0:106696)
    at oM (https://cbpassets.setmore.com/_next/static/chunks/framework-382832e125d407a4.js:0:106566)
    at oS (https://cbpassets.setmore.com/_next/static/chunks/framework-382832e125d407a4.js:0:101639)
    at x (https://cbpassets.setmore.com/_next/static/chunks/framework-382832e125d407a4.js:0:137827)
    at T (https://cbpassets.setmore.com/_next/static/chunks/framework-382832e125d407a4.js:0:138357)
[    1782ms] Uncaught Error: Minified React error #418; visit https://reactjs.org/docs/error-decoder.html?invariant=418 for the full message or use the non-minified dev environment for full errors and additional helpful warnings.
    at lh (https://cbpassets.setmore.com/_next/static/chunks/framework-382832e125d407a4.js:0:54037)
    at i (https://cbpassets.setmore.com/_next/static/chunks/framework-382832e125d407a4.js:0:128712)
    at oO (https://cbpassets.setmore.com/_next/static/chunks/framework-382832e125d407a4.js:0:106696)
    at oM (https://cbpassets.setmore.com/_next/static/chunks/framework-382832e125d407a4.js:0:106566)
    at oS (https://cbpassets.setmore.com/_next/static/chunks/framework-382832e125d407a4.js:0:101639)
    at x (https://cbpassets.setmore.com/_next/static/chunks/framework-382832e125d407a4.js:0:137827)
    at T (https://cbpassets.setmore.com/_next/static/chunks/framework-382832e125d407a4.js:0:138357)
[    1782ms] Uncaught Error: Minified React error #418; visit https://reactjs.org/docs/error-decoder.html?invariant=418 for the full message or use the non-minified dev environment for full errors and additional helpful warnings.
    at lh (https://cbpassets.setmore.com/_next/static/chunks/framework-382832e125d407a4.js:0:54037)
    at i (https://cbpassets.setmore.com/_next/static/chunks/framework-382832e125d407a4.js:0:128712)
    at oO (https://cbpassets.setmore.com/_next/static/chunks/framework-382832e125d407a4.js:0:106696)
    at oM (https://cbpassets.setmore.com/_next/static/chunks/framework-382832e125d407a4.js:0:106566)
    at oS (https://cbpassets.setmore.com/_next/static/chunks/framework-382832e125d407a4.js:0:101639)
    at x (https://cbpassets.setmore.com/_next/static/chunks/framework-382832e125d407a4.js:0:137827)
    at T (https://cbpassets.setmore.com/_next/static/chunks/framework-382832e125d407a4.js:0:138357)
[    1782ms] Uncaught Error: Minified React error #418; visit https://reactjs.org/docs/error-decoder.html?invariant=418 for the full message or use the non-minified dev environment for full errors and additional helpful warnings.
    at lh (https://cbpassets.setmore.com/_next/static/chunks/framework-382832e125d407a4.js:0:54037)
    at i (https://cbpassets.setmore.com/_next/static/chunks/framework-382832e125d407a4.js:0:128712)
    at oO (https://cbpassets.setmore.com/_next/static/chunks/framework-382832e125d407a4.js:0:106696)
    at oM (https://cbpassets.setmore.com/_next/static/chunks/framework-382832e125d407a4.js:0:106566)
    at oS (https://cbpassets.setmore.com/_next/static/chunks/framework-382832e125d407a4.js:0:101639)
    at x (https://cbpassets.setmore.com/_next/static/chunks/framework-382832e125d407a4.js:0:137827)
    at T (https://cbpassets.setmore.com/_next/static/chunks/framework-382832e125d407a4.js:0:138357)
[    1782ms] Uncaught Error: Minified React error #418; visit https://reactjs.org/docs/error-decoder.html?invariant=418 for the full message or use the non-minified dev environment for full errors and additional helpful warnings.
    at lh (https://cbpassets.setmore.com/_next/static/chunks/framework-382832e125d407a4.js:0:54037)
    at i (https://cbpassets.setmore.com/_next/static/chunks/framework-382832e125d407a4.js:0:128712)
    at oO (https://cbpassets.setmore.com/_next/static/chunks/framework-382832e125d407a4.js:0:106696)
    at oM (https://cbpassets.setmore.com/_next/static/chunks/framework-382832e125d407a4.js:0:106566)
    at oS (https://cbpassets.setmore.com/_next/static/chunks/framework-382832e125d407a4.js:0:101639)
    at x (https://cbpassets.setmore.com/_next/static/chunks/framework-382832e125d407a4.js:0:137827)
    at T (https://cbpassets.setmore.com/_next/static/chunks/framework-382832e125d407a4.js:0:138357)
[    1782ms] Uncaught Error: Minified React error #418; visit https://reactjs.org/docs/error-decoder.html?invariant=418 for the full message or use the non-minified dev environment for full errors and additional helpful warnings.
    at lh (https://cbpassets.setmore.com/_next/static/chunks/framework-382832e125d407a4.js:0:54037)
    at i (https://cbpassets.setmore.com/_next/static/chunks/framework-382832e125d407a4.js:0:128712)
    at oO (https://cbpassets.setmore.com/_next/static/chunks/framework-382832e125d407a4.js:0:106696)
    at oM (https://cbpassets.setmore.com/_next/static/chunks/framework-382832e125d407a4.js:0:106566)
    at oS (https://cbpassets.setmore.com/_next/static/chunks/framework-382832e125d407a4.js:0:101639)
    at x (https://cbpassets.setmore.com/_next/static/chunks/framework-382832e125d407a4.js:0:137827)
    at T (https://cbpassets.setmore.com/_next/static/chunks/framework-382832e125d407a4.js:0:138357)
[    1782ms] Uncaught Error: Minified React error #418; visit https://reactjs.org/docs/error-decoder.html?invariant=418 for the full message or use the non-minified dev environment for full errors and additional helpful warnings.
    at lh (https://cbpassets.setmore.com/_next/static/chunks/framework-382832e125d407a4.js:0:54037)
    at i (https://cbpassets.setmore.com/_next/static/chunks/framework-382832e125d407a4.js:0:128712)
    at oO (https://cbpassets.setmore.com/_next/static/chunks/framework-382832e125d407a4.js:0:106696)
    at oM (https://cbpassets.setmore.com/_next/static/chunks/framework-382832e125d407a4.js:0:106566)
    at oS (https://cbpassets.setmore.com/_next/static/chunks/framework-382832e125d407a4.js:0:101639)
    at x (https://cbpassets.setmore.com/_next/static/chunks/framework-382832e125d407a4.js:0:137827)
    at T (https://cbpassets.setmore.com/_next/static/chunks/framework-382832e125d407a4.js:0:138357)
[    1782ms] Uncaught Error: Minified React error #418; visit https://reactjs.org/docs/error-decoder.html?invariant=418 for the full message or use the non-minified dev environment for full errors and additional helpful warnings.
    at lh (https://cbpassets.setmore.com/_next/static/chunks/framework-382832e125d407a4.js:0:54037)
    at i (https://cbpassets.setmore.com/_next/static/chunks/framework-382832e125d407a4.js:0:128712)
    at oO (https://cbpassets.setmore.com/_next/static/chunks/framework-382832e125d407a4.js:0:106696)
    at oM (https://cbpassets.setmore.com/_next/static/chunks/framework-382832e125d407a4.js:0:106566)
    at oS (https://cbpassets.setmore.com/_next/static/chunks/framework-382832e125d407a4.js:0:101639)
    at x (https://cbpassets.setmore.com/_next/static/chunks/framework-382832e125d407a4.js:0:137827)
    at T (https://cbpassets.setmore.com/_next/static/chunks/framework-382832e125d407a4.js:0:138357)
[    1782ms] Uncaught Error: Minified React error #418; visit https://reactjs.org/docs/error-decoder.html?invariant=418 for the full message or use the non-minified dev environment for full errors and additional helpful warnings.
    at lh (https://cbpassets.setmore.com/_next/static/chunks/framework-382832e125d407a4.js:0:54037)
    at i (https://cbpassets.setmore.com/_next/static/chunks/framework-382832e125d407a4.js:0:128712)
    at oO (https://cbpassets.setmore.com/_next/static/chunks/framework-382832e125d407a4.js:0:106696)
    at oM (https://cbpassets.setmore.com/_next/static/chunks/framework-382832e125d407a4.js:0:106566)
    at oS (https://cbpassets.setmore.com/_next/static/chunks/framework-382832e125d407a4.js:0:101639)
    at x (https://cbpassets.setmore.com/_next/static/chunks/framework-382832e125d407a4.js:0:137827)
    at T (https://cbpassets.setmore.com/_next/static/chunks/framework-382832e125d407a4.js:0:138357)
[    1782ms] Uncaught Error: Minified React error #418; visit https://reactjs.org/docs/error-decoder.html?invariant=418 for the full message or use the non-minified dev environment for full errors and additional helpful warnings.
    at lh (https://cbpassets.setmore.com/_next/static/chunks/framework-382832e125d407a4.js:0:54037)
    at i (https://cbpassets.setmore.com/_next/static/chunks/framework-382832e125d407a4.js:0:128712)
    at oO (https://cbpassets.setmore.com/_next/static/chunks/framework-382832e125d407a4.js:0:106696)
    at oM (https://cbpassets.setmore.com/_next/static/chunks/framework-382832e125d407a4.js:0:106566)
    at oS (https://cbpassets.setmore.com/_next/static/chunks/framework-382832e125d407a4.js:0:101639)
    at x (https://cbpassets.setmore.com/_next/static/chunks/framework-382832e125d407a4.js:0:137827)
    at T (https://cbpassets.setmore.com/_next/static/chunks/framework-382832e125d407a4.js:0:138357)
[    1782ms] Uncaught Error: Minified React error #423; visit https://reactjs.org/docs/error-decoder.html?invariant=423 for the full message or use the non-minified dev environment for full errors and additional helpful warnings.
    at i (https://cbpassets.setmore.com/_next/static/chunks/framework-382832e125d407a4.js:0:128371)
    at oO (https://cbpassets.setmore.com/_next/static/chunks/framework-382832e125d407a4.js:0:106696)
    at oM (https://cbpassets.setmore.com/_next/static/chunks/framework-382832e125d407a4.js:0:106566)
    at ox (https://cbpassets.setmore.com/_next/static/chunks/framework-382832e125d407a4.js:0:103337)
    at oS (https://cbpassets.setmore.com/_next/static/chunks/framework-382832e125d407a4.js:0:101892)
    at x (https://cbpassets.setmore.com/_next/static/chunks/framework-382832e125d407a4.js:0:137827)
    at T (https://cbpassets.setmore.com/_next/static/chunks/framework-382832e125d407a4.js:0:138357)
[    2131ms] Uncaught Error: Prohibited read from data layer variable: event.
    at <anonymous> (https://www.googletagmanager.com/gtm.js?id=GTM-MN7KW8T:241:779)
    at hb (https://www.googletagmanager.com/gtm.js?id=GTM-MN7KW8T:160:754)
    at gb (https://www.googletagmanager.com/gtm.js?id=GTM-MN7KW8T:160:469)
    at <anonymous> (https://www.googletagmanager.com/gtm.js?id=GTM-MN7KW8T:222:472)
    at k.apply (https://www.googletagmanager.com/gtm.js?id=GTM-MN7KW8T:198:465)
    at r (https://www.googletagmanager.com/gtm.js?id=GTM-MN7KW8T:202:113)
    at <anonymous> (https://www.googletagmanager.com/gtm.js?id=GTM-MN7KW8T:542:81)
[  744964ms] [LOG] [Fast Refresh] rebuilding @ http://localhost:3003/_next/static/chunks/0ag3_next_dist_0_q--91._.js:2477
[  745030ms] [LOG] [Fast Refresh] done in 34ms @ http://localhost:3003/_next/static/chunks/0ag3_next_dist_0_q--91._.js:2477
[  745253ms] [LOG] [Fast Refresh] rebuilding @ http://localhost:3003/_next/static/chunks/0ag3_next_dist_0_q--91._.js:2477
[  745269ms] [LOG] [Fast Refresh] done in 117ms @ http://localhost:3003/_next/static/chunks/0ag3_next_dist_0_q--91._.js:2477
[  830955ms] [LOG] [Fast Refresh] rebuilding @ http://localhost:3003/_next/static/chunks/0ag3_next_dist_0_q--91._.js:2477
[  831012ms] [LOG] [Fast Refresh] done in 34ms @ http://localhost:3003/_next/static/chunks/0ag3_next_dist_0_q--91._.js:2477
[  849261ms] [LOG] [Fast Refresh] rebuilding @ http://localhost:3003/_next/static/chunks/0ag3_next_dist_0_q--91._.js:2477
[  849526ms] [LOG] [Fast Refresh] done in 213ms @ http://localhost:3003/_next/static/chunks/0ag3_next_dist_0_q--91._.js:2477
[  849527ms] [WARNING] %c%s%c ⚠ metadataBase property in metadata export is not set for resolving social open graph or twitter images, using "http://localhost:3003". See https://nextjs.org/docs/app/api-reference/functions/generate-metadata#metadatabase background: #e6e6e6;background: light-dark(rgba(0,0,0,0.1), rgba(255,255,255,0.25));color: #000000;color: light-dark(#000000, #ffffff);border-radius: 2px  Server   @ http://localhost:3003/_next/static/chunks/0ag3_next_dist_0_q--91._.js:2477
[  874625ms] [LOG] [Fast Refresh] rebuilding @ http://localhost:3003/_next/static/chunks/0ag3_next_dist_0_q--91._.js:2477
[  874654ms] [LOG] [Fast Refresh] done in 29ms @ http://localhost:3003/_next/static/chunks/0ag3_next_dist_0_q--91._.js:2477
[  892851ms] [LOG] [Fast Refresh] rebuilding @ http://localhost:3003/_next/static/chunks/0ag3_next_dist_0_q--91._.js:2477
[  893074ms] [LOG] [Fast Refresh] done in 135ms @ http://localhost:3003/_next/static/chunks/0ag3_next_dist_0_q--91._.js:2477
[  893182ms] [LOG] [Fast Refresh] rebuilding @ http://localhost:3003/_next/static/chunks/0ag3_next_dist_0_q--91._.js:2477
[  893212ms] [LOG] [Fast Refresh] done in 130ms @ http://localhost:3003/_next/static/chunks/0ag3_next_dist_0_q--91._.js:2477
